interactions:
- request:
    body: null
    headers:
      Cookie:
      - looker.browser=4962
    method: GET
    uri: https://spectacles.looker.com:19999/api/3.1/projects/eye_exam/lookml_tests
  response:
    body:
      string: '[{"model_name":"eye_exam","name":"users_age_should_be_in_expected_range","explore_name":"users","query_url_params":"fields=users.age\u0026limit=500\u0026dynamic_fields=%5B%7B%22table_calculation%22%3A%22looker_assert_age_should_be_greater_than_zero%22%2C%22label%22%3A%22Age+Should+Be+Greater+Than+Zero%22%2C%22expression%22%3A%22%24%7Busers.age%7D+%5Cu003e+0+%22%7D%2C%7B%22table_calculation%22%3A%22looker_assert_age_should_be_less_than_130%22%2C%22label%22%3A%22Age+Should+Be+Less+Than+130%22%2C%22expression%22%3A%22%24%7Busers.age%7D+%5Cu003c+130+%22%7D%5D","file":"eye_exam/eye_exam.model.lkml","line":7,"can":{}},{"model_name":"eye_exam","name":"users_name_should_be_in_caps","explore_name":"users","query_url_params":"fields=users.first_name,users.last_name\u0026limit=500\u0026dynamic_fields=%5B%7B%22table_calculation%22%3A%22looker_assert_users_first_name_should_be_in_caps%22%2C%22label%22%3A%22Users+First+Name+Should+Be+In+Caps%22%2C%22expression%22%3A%22%24%7Busers.first_name%7D+%3D+upper%28%24%7Busers.first_name%7D%29+%22%7D%2C%7B%22table_calculation%22%3A%22looker_assert_users_last_name_should_be_in_caps%22%2C%22label%22%3A%22Users+Last+Name+Should+Be+In+Caps%22%2C%22expression%22%3A%22%24%7Busers.last_name%7D+%3D+upper%28%24%7Busers.last_name%7D%29+%22%7D%5D","file":"eye_exam/eye_exam.model.lkml","line":21,"can":{}},{"model_name":"eye_exam","name":"users__fail_age_should_be_in_expected_range","explore_name":"users__fail","query_url_params":"fields=users__fail.age\u0026limit=500\u0026dynamic_fields=%5B%7B%22table_calculation%22%3A%22looker_assert_age_should_be_greater_than_zero%22%2C%22label%22%3A%22Age+Should+Be+Greater+Than+Zero%22%2C%22expression%22%3A%22%24%7Busers__fail.age%7D+%5Cu003e+130+%22%7D%2C%7B%22table_calculation%22%3A%22looker_assert_age_should_be_less_than_130%22%2C%22label%22%3A%22Age+Should+Be+Less+Than+130%22%2C%22expression%22%3A%22%24%7Busers__fail.age%7D+%5Cu003c+0+%22%7D%5D","file":"eye_exam/eye_exam.model.lkml","line":40,"can":{}},{"model_name":"eye_exam","name":"users__fail_name_should_be_in_caps","explore_name":"users__fail","query_url_params":"fields=users__fail.first_name,users__fail.last_name\u0026limit=500\u0026dynamic_fields=%5B%7B%22table_calculation%22%3A%22looker_assert_users__fail_first_name_should_be_in_caps%22%2C%22label%22%3A%22Users+Fail+First+Name+Should+Be+In+Caps%22%2C%22expression%22%3A%22%24%7Busers__fail.first_name%7D+%3D+upper%28%24%7Busers__fail.first_name%7D%29+%22%7D%2C%7B%22table_calculation%22%3A%22looker_assert_users__fail_last_name_should_be_in_caps%22%2C%22label%22%3A%22Users+Fail+Last+Name+Should+Be+In+Caps%22%2C%22expression%22%3A%22%24%7Busers__fail.last_name%7D+%3D+upper%28%24%7Busers__fail.last_name%7D%29+%22%7D%5D","file":"eye_exam/eye_exam.model.lkml","line":54,"can":{}}]'
    headers:
      Connection:
      - keep-alive
      Content-Length:
      - '2784'
      Content-Type:
      - application/json
      Date:
      - Tue, 16 Jun 2020 20:27:06 GMT
      Server:
      - nginx
      Vary:
      - Accept-Encoding
      - Accept-Encoding
      X-Content-Type-Options:
      - nosniff
    status:
      code: 200
      message: OK
- request:
    body: null
    headers:
      Cookie:
      - looker.browser=4962
    method: GET
    uri: https://spectacles.looker.com:19999/api/3.1/projects/eye_exam/lookml_tests/run?model=eye_exam&test=users_age_should_be_in_expected_range
  response:
    body:
      string: '[{"model_name":"eye_exam","test_name":"users_age_should_be_in_expected_range","assertions_count":2,"assertions_failed":0,"errors":[],"warnings":[],"success":true,"can":{}}]'
    headers:
      Connection:
      - keep-alive
      Content-Length:
      - '172'
      Content-Type:
      - application/json
      Date:
      - Tue, 16 Jun 2020 20:27:06 GMT
      Server:
      - nginx
      Vary:
      - Accept-Encoding
      X-Content-Type-Options:
      - nosniff
    status:
      code: 200
      message: OK
- request:
    body: null
    headers:
      Cookie:
      - looker.browser=4962
    method: GET
    uri: https://spectacles.looker.com:19999/api/3.1/projects/eye_exam/lookml_tests/run?model=eye_exam&test=users_name_should_be_in_caps
  response:
    body:
      string: '[{"model_name":"eye_exam","test_name":"users_name_should_be_in_caps","assertions_count":2,"assertions_failed":0,"errors":[],"warnings":[],"success":true,"can":{}}]'
    headers:
      Connection:
      - keep-alive
      Content-Length:
      - '163'
      Content-Type:
      - application/json
      Date:
      - Tue, 16 Jun 2020 20:27:06 GMT
      Server:
      - nginx
      Vary:
      - Accept-Encoding
      X-Content-Type-Options:
      - nosniff
    status:
      code: 200
      message: OK
- request:
    body: null
    headers:
      Cookie:
      - looker.browser=4962
    method: GET
    uri: https://spectacles.looker.com:19999/api/3.1/projects/eye_exam/lookml_tests/run?model=eye_exam&test=users__fail_age_should_be_in_expected_range
  response:
    body:
      string: '[{"model_name":"eye_exam","test_name":"users__fail_age_should_be_in_expected_range","assertions_count":2,"assertions_failed":2,"errors":[{"code":null,"severity":"error","kind":null,"message":"Assertion
        \"age_should_be_greater_than_zero\" failed: expression evaluated to \"No\".","field_name":"users__fail.age","file_path":"eye_exam/eye_exam.model.lkml","line_number":40,"model_id":"eye_exam","explore":"users__fail","help_url":null,"params":{"__FILE":"eye_exam/eye_exam.model.lkml","__LINE_NUM":40,"model_id":"eye_exam","explore":"users__fail","field_name":"users__fail.age","level":"error"},"sanitized_message":"Assertion
        \"(?)\" failed: expression evaluated to \"No\"."},{"code":null,"severity":"error","kind":null,"message":"Assertion
        \"age_should_be_less_than_130\" failed: expression evaluated to \"No\".","field_name":"users__fail.age","file_path":"eye_exam/eye_exam.model.lkml","line_number":40,"model_id":"eye_exam","explore":"users__fail","help_url":null,"params":{"__FILE":"eye_exam/eye_exam.model.lkml","__LINE_NUM":40,"model_id":"eye_exam","explore":"users__fail","field_name":"users__fail.age","level":"error"},"sanitized_message":"Assertion
        \"(?)\" failed: expression evaluated to \"No\"."}],"warnings":[],"success":false,"can":{}}]'
    headers:
      Connection:
      - keep-alive
      Content-Length:
      - '1246'
      Content-Type:
      - application/json
      Date:
      - Tue, 16 Jun 2020 20:27:07 GMT
      Server:
      - nginx
      Vary:
      - Accept-Encoding
      - Accept-Encoding
      X-Content-Type-Options:
      - nosniff
    status:
      code: 200
      message: OK
- request:
    body: null
    headers:
      Cookie:
      - looker.browser=4962
    method: GET
    uri: https://spectacles.looker.com:19999/api/3.1/projects/eye_exam/lookml_tests/run?model=eye_exam&test=users__fail_name_should_be_in_caps
  response:
    body:
      string: '[{"model_name":"eye_exam","test_name":"users__fail_name_should_be_in_caps","assertions_count":2,"assertions_failed":0,"errors":[],"warnings":[],"success":true,"can":{}}]'
    headers:
      Connection:
      - keep-alive
      Content-Length:
      - '169'
      Content-Type:
      - application/json
      Date:
      - Tue, 16 Jun 2020 20:27:07 GMT
      Server:
      - nginx
      Vary:
      - Accept-Encoding
      X-Content-Type-Options:
      - nosniff
    status:
      code: 200
      message: OK
- request:
    body: null
    headers:
      Cookie:
      - looker.browser=4560
    method: GET
    uri: https://spectacles.looker.com:19999/api/3.1/projects/eye_exam/lookml_tests
  response:
    body:
      string: '{"message":"Requires authentication.","documentation_url":"http://docs.looker.com/"}'
    headers:
      Connection:
      - keep-alive
      Content-Length:
      - '84'
      Content-Type:
      - application/json
      Date:
      - Tue, 16 Jun 2020 20:33:37 GMT
      Server:
      - nginx
      Vary:
      - Accept-Encoding
      X-Content-Type-Options:
      - nosniff
    status:
      code: 401
      message: Unauthorized
version: 1
